colvars: ----------------------------------------------------------------------
colvars: Please cite Fiorin et al, Mol Phys 2013:
colvars:   https://doi.org/10.1080/00268976.2013.813594
colvars: as well as all other papers listed below for individual features used.
colvars: This version was built with the C++11 standard or higher.
colvars: ----------------------------------------------------------------------
colvars: Start colvars Initialization.
colvars: ----------------------------------------------------------------------
colvars: Reading new configuration:
colvars: # units = "gromacs"
colvars: # smp = on [default]
colvars: # colvarsTrajFrequency = 1
colvars: # colvarsRestartFrequency = 0 [default]
colvars: # scriptedColvarForces = off [default]
colvars: # scriptingAfterBiases = off [default]
colvars: ----------------------------------------------------------------------
colvars:   Initializing a new collective variable.
colvars:   # name = "d_atoms"
colvars:   Initializing a new "distance" component.
colvars:     # name = "" [default]
colvars:     # componentCoeff = 1 [default]
colvars:     # componentExp = 1 [default]
colvars:     # period = 0 [default]
colvars:     # wrapAround = 0 [default]
colvars:     # forceNoPBC = on
colvars:     # scalable = on [default]
colvars:       Initializing atom group "group1".
colvars:       # name = "" [default]
colvars:       # centerToOrigin = off [default]
colvars:       # centerToReference = off [default]
colvars:       # rotateToReference = off [default]
colvars:       # atomsOfGroup = "" [default]
colvars:       # indexGroup = "" [default]
colvars:       # psfSegID =  [default]
colvars:       # atomsFile = "" [default]
colvars:       # dummyAtom = ( 0 , 0 , 0 ) [default]
colvars:       # enableFitGradients = on [default]
colvars:       # printAtomIDs = off [default]
colvars:       Atom group "group1" defined with 1 atoms requested: total mass = 15.9994, total charge = -0.834.
colvars:       Initializing atom group "group2".
colvars:       # name = "" [default]
colvars:       # centerToOrigin = off [default]
colvars:       # centerToReference = off [default]
colvars:       # rotateToReference = off [default]
colvars:       # atomsOfGroup = "" [default]
colvars:       # indexGroup = "" [default]
colvars:       # psfSegID =  [default]
colvars:       # atomsFile = "" [default]
colvars:       # dummyAtom = ( 0 , 0 , 0 ) [default]
colvars:       # enableFitGradients = on [default]
colvars:       # printAtomIDs = off [default]
colvars:       Atom group "group2" defined with 1 atoms requested: total mass = 15.9994, total charge = -0.834.
colvars:     # oneSiteSystemForce = off [default]
colvars:     # oneSiteTotalForce = off [default]
colvars:   All components initialized.
colvars:   # timeStepFactor = 1 [default]
colvars:   # width = 1 [default]
colvars:   # lowerBoundary = 0 [default]
colvars:   # upperBoundary = 1 [default]
colvars:   # hardLowerBoundary = on [default]
colvars:   # hardUpperBoundary = off [default]
colvars:   # expandBoundaries = off [default]
colvars:   # extendedLagrangian = off [default]
colvars:   # outputValue = on [default]
colvars:   # outputVelocity = off [default]
colvars:   # outputTotalForce = off [default]
colvars:   # outputAppliedForce = off [default]
colvars:   # subtractAppliedForce = off [default]
colvars:   # runAve = off [default]
colvars:   # corrFunc = off [default]
colvars: ----------------------------------------------------------------------
colvars:   Initializing a new collective variable.
colvars:   # name = "coords_OW_337"
colvars:   Initializing a new "cartesian" component.
colvars:     # name = "" [default]
colvars:     # componentCoeff = 1 [default]
colvars:     # componentExp = 1 [default]
colvars:     # period = 0 [default]
colvars:     # wrapAround = 0 [default]
colvars:     # forceNoPBC = off [default]
colvars:     # scalable = on [default]
colvars:       Initializing atom group "atoms".
colvars:       # name = "" [default]
colvars:       # centerToOrigin = off [default]
colvars:       # centerToReference = off [default]
colvars:       # rotateToReference = off [default]
colvars:       # atomsOfGroup = "" [default]
colvars:       # indexGroup = "" [default]
colvars:       # psfSegID =  [default]
colvars:       # atomsFile = "" [default]
colvars:       # dummyAtom = ( 0 , 0 , 0 ) [default]
colvars:       # enableFitGradients = on [default]
colvars:       # printAtomIDs = off [default]
colvars:       Atom group "atoms" defined with 1 atoms requested: total mass = 15.9994, total charge = -0.834.
colvars:     # useX = on [default]
colvars:     # useY = on [default]
colvars:     # useZ = on [default]
colvars:   All components initialized.
colvars:   # timeStepFactor = 1 [default]
colvars:   # width = 1 [default]
colvars:   # hardLowerBoundary = off [default]
colvars:   # hardUpperBoundary = off [default]
colvars:   # expandBoundaries = off [default]
colvars:   # extendedLagrangian = off [default]
colvars:   # outputValue = on [default]
colvars:   # outputVelocity = off [default]
colvars:   # outputTotalForce = off [default]
colvars:   # outputAppliedForce = off [default]
colvars:   # subtractAppliedForce = off [default]
colvars:   # runAve = off [default]
colvars:   # corrFunc = off [default]
colvars: ----------------------------------------------------------------------
colvars: Collective variables initialized, 2 in total.
colvars: ----------------------------------------------------------------------
colvars:   Initializing a new "harmonic" instance.
colvars:   # name = "harmonic1" [default]
colvars:   # colvars = { d_atoms }
colvars:   # stepZeroData = off [default]
colvars:   # outputEnergy = on
colvars:   # outputFreq = 0 [default]
colvars:   # timeStepFactor = 1 [default]
colvars:   # writeTISamples = off [default]
colvars:   # writeTIPMF = off [default]
colvars:   # centers = { 2.5 }
colvars:   # targetCenters = { 2.5 } [default]
colvars:   # outputCenters = off [default]
colvars:   # forceConstant = 2000
colvars:   # decoupling = off [default]
colvars:   # targetForceConstant = -1 [default]
colvars:   The force constant for colvar "d_atoms" will be rescaled to 2000 according to the specified width (1).
colvars: ----------------------------------------------------------------------
colvars: Collective variables biases initialized, 1 in total.
colvars: ----------------------------------------------------------------------
colvars: Collective variables module (re)initialized.
colvars: ----------------------------------------------------------------------
colvars: Current simulation parameters: initial step = 0, integration timestep = 1
colvars: Updating atomic parameters (masses, charges, etc).
colvars: Re-initialized atom group for variable "d_atoms":0/0. 1 atoms: total mass = 15.9994, total charge = -0.834.
colvars: Re-initialized atom group for variable "d_atoms":0/1. 1 atoms: total mass = 15.9994, total charge = -0.834.
colvars: Re-initialized atom group for variable "coords_OW_337":0/0. 1 atoms: total mass = 15.9994, total charge = -0.834.
colvars: 
colvars: SUMMARY OF COLVARS FEATURES USED SO FAR AND THEIR CITATIONS:
colvars: 
colvars: - GROMACS engine:
colvars:   Abraham2015 https://doi.org/10.1016/j.softx.2015.06.001
colvars: 
colvars: - Colvars module:
colvars: - Harmonic colvar bias implementation:
colvars: - Optimal rotation via flexible fitting:
colvars: - cartesian colvar component:
colvars: - distance colvar component:
colvars:   Fiorin2013 https://doi.org/10.1080/00268976.2013.813594
colvars: 
colvars: - Colvars-GROMACS interface:
colvars:   n/a 
colvars: 
colvars: Setting initial step number from MD engine: 0
colvars: The final output state file will be "test.colvars.state".
colvars: ----------------------------------------------------------------------
colvars: End colvars Initialization.
colvars: 
colvars: Saving collective variables state to "test.colvars.state".
