colvars: ----------------------------------------------------------------------
colvars: Please cite Fiorin et al, Mol Phys 2013:
colvars:   https://doi.org/10.1080/00268976.2013.813594
colvars: as well as all other papers listed below for individual features used.
colvars: This version was built with the C++11 standard or higher.
colvars: Summary of compile-time features available in this build:
colvars:   - SMP parallelism: not available
colvars:   - Lepton custom functions: available
colvars:   - Tcl interpreter: available
colvars: Redefining the Tcl "cv" command to the new script interface.
colvars: The restart output state file will be "test.restart.tmp.colvars.state".
colvars: The final output state file will be "test.restart.colvars.state".
colvars: ----------------------------------------------------------------------
colvars: Reading new configuration from file "test.in":
colvars: # units = "" [default]
colvars: # smp = on [default]
colvars: # colvarsTrajFrequency = 1
colvars: # colvarsRestartFrequency = 10 [default]
colvars: # scriptedColvarForces = off [default]
colvars: # scriptingAfterBiases = off [default]
colvars: # sourceTclFile = "" [default]
colvars: ----------------------------------------------------------------------
colvars:   Initializing a new collective variable.
colvars:   # name = "multimap"
colvars:   Initializing a new "mapTotal" component.
colvars:     # name = "map"
colvars:     # componentCoeff = 0.0034027
colvars:     # componentExp = 1 [default]
colvars:     # period = 0 [default]
colvars:     # wrapAround = 0 [default]
colvars:     # forceNoPBC = off [default]
colvars:     # scalable = on [default]
colvars:     # mapName = "map"
colvars:     # mapID = -1 [default]
colvars:     # atomWeights =  [default]
colvars:   Initializing a new "mapTotal" component.
colvars:     # name = "maprot"
colvars:     # componentCoeff = 0.0068054
colvars:     # componentExp = 1 [default]
colvars:     # period = 0 [default]
colvars:     # wrapAround = 0 [default]
colvars:     # forceNoPBC = off [default]
colvars:     # scalable = on [default]
colvars:     # mapName = "map2"
colvars:     # mapID = -1 [default]
colvars:     # atomWeights =  [default]
colvars:   All components initialized.
colvars:   # timeStepFactor = 1 [default]
colvars:   # width = 0.02
colvars:   # lowerBoundary = 0 [default]
colvars:   # upperBoundary = 0.02 [default]
colvars:   # hardLowerBoundary = off [default]
colvars:   # hardUpperBoundary = off [default]
colvars:   # expandBoundaries = off [default]
colvars:   # extendedLagrangian = off [default]
colvars:   # outputValue = on [default]
colvars:   # outputVelocity = off [default]
colvars:   # outputTotalForce = off [default]
colvars:   # outputAppliedForce = off [default]
colvars:   # subtractAppliedForce = off [default]
colvars:   # runAve = off [default]
colvars:   # corrFunc = off [default]
colvars: ----------------------------------------------------------------------
colvars:   Initializing a new collective variable.
colvars:   # name = "map"
colvars:   Initializing a new "mapTotal" component.
colvars:     # name = "map"
colvars:     # componentCoeff = 0.0034027
colvars:     # componentExp = 1 [default]
colvars:     # period = 0 [default]
colvars:     # wrapAround = 0 [default]
colvars:     # forceNoPBC = off [default]
colvars:     # scalable = on [default]
colvars:     # mapName = "map"
colvars:     # mapID = -1 [default]
colvars:     # atomWeights =  [default]
colvars:   All components initialized.
colvars:   # timeStepFactor = 1 [default]
colvars:   # width = 1 [default]
colvars:   # lowerBoundary = 0 [default]
colvars:   # upperBoundary = 1 [default]
colvars:   # hardLowerBoundary = off [default]
colvars:   # hardUpperBoundary = off [default]
colvars:   # expandBoundaries = off [default]
colvars:   # extendedLagrangian = off [default]
colvars:   # outputValue = on [default]
colvars:   # outputVelocity = off [default]
colvars:   # outputTotalForce = off [default]
colvars:   # outputAppliedForce = off [default]
colvars:   # subtractAppliedForce = off [default]
colvars:   # runAve = off [default]
colvars:   # corrFunc = off [default]
colvars: ----------------------------------------------------------------------
colvars:   Initializing a new collective variable.
colvars:   # name = "map2"
colvars:   Initializing a new "mapTotal" component.
colvars:     # name = "map2"
colvars:     # componentCoeff = 0.0034027
colvars:     # componentExp = 1 [default]
colvars:     # period = 0 [default]
colvars:     # wrapAround = 0 [default]
colvars:     # forceNoPBC = off [default]
colvars:     # scalable = on [default]
colvars:     # mapName = "map2"
colvars:     # mapID = -1 [default]
colvars:     # atomWeights =  [default]
colvars:   All components initialized.
colvars:   # timeStepFactor = 1 [default]
colvars:   # width = 1 [default]
colvars:   # lowerBoundary = 0 [default]
colvars:   # upperBoundary = 1 [default]
colvars:   # hardLowerBoundary = off [default]
colvars:   # hardUpperBoundary = off [default]
colvars:   # expandBoundaries = off [default]
colvars:   # extendedLagrangian = off [default]
colvars:   # outputValue = on [default]
colvars:   # outputVelocity = off [default]
colvars:   # outputTotalForce = off [default]
colvars:   # outputAppliedForce = off [default]
colvars:   # subtractAppliedForce = off [default]
colvars:   # runAve = off [default]
colvars:   # corrFunc = off [default]
colvars: ----------------------------------------------------------------------
colvars: Collective variables initialized, 3 in total.
colvars: ----------------------------------------------------------------------
colvars:   Initializing a new "harmonic" instance.
colvars:   # name = "harmonic1" [default]
colvars:   # colvars = { multimap }
colvars:   # stepZeroData = off [default]
colvars:   # outputEnergy = on
colvars:   # outputFreq = 10 [default]
colvars:   # timeStepFactor = 1 [default]
colvars:   # writeTISamples = off [default]
colvars:   # writeTIPMF = off [default]
colvars:   # centers = { 1.3 }
colvars:   # targetCenters = { 2 }
colvars:   Initial step for restraint change: 0
colvars:   # targetNumSteps = 20
colvars:   # targetNumStages = 0 [default]
colvars:   # outputAccumulatedWork = off [default]
colvars:   # outputCenters = off [default]
colvars:   # forceConstant = 1
colvars:   # decoupling = off [default]
colvars:   # targetForceConstant = -1 [default]
colvars:   The force constant for colvar "multimap" will be rescaled to 2500 according to the specified width (0.02).
colvars: ----------------------------------------------------------------------
colvars: Collective variables biases initialized, 1 in total.
colvars: ----------------------------------------------------------------------
colvars: Collective variables module (re)initialized.
colvars: ----------------------------------------------------------------------
colvars: Updating NAMD interface:
colvars: updating atomic data (0 atoms).
colvars: updating group data (0 scalable groups, 0 atoms in total).
colvars: updating grid object data (2 grid objects in total).
colvars: 
colvars: SUMMARY OF COLVARS FEATURES USED SO FAR AND THEIR CITATIONS:
colvars: 
colvars: - Colvars module:
colvars: - Colvars-NAMD interface:
colvars: - Harmonic colvar bias implementation:
colvars: - Linear and polynomial combination of colvar components:
colvars:   Fiorin2013 https://doi.org/10.1080/00268976.2013.813594
colvars: 
colvars: - Volumetric map-based collective variables:
colvars: - mapTotal colvar component:
colvars:   Fiorin2020 https://doi.org/10.1002/jcc.26075
colvars: 
colvars: - NAMD engine:
colvars:   Phillips2020 https://doi.org/10.1063/5.0014475
colvars: 
colvars: - GridForces volumetric map implementation for NAMD:
colvars:   Wells2007 https://doi.org/10.1063/1.2770738
colvars: 
colvars: updating target temperature (T = 0 K).
colvars: ----------------------------------------------------------------------
colvars: Loading state from text file "test.colvars.state".
colvars:   Restarting collective variable "multimap" from value: 1.32181
colvars:   Restarting collective variable "map" from value: 0.788136
colvars:   Restarting collective variable "map2" from value: 0.266838
colvars:   Restarted harmonic bias "harmonic1" with step number 20.
colvars: ----------------------------------------------------------------------
colvars: Updating NAMD interface:
colvars: updating atomic data (0 atoms).
colvars: updating group data (0 scalable groups, 0 atoms in total).
colvars: updating grid object data (2 grid objects in total).
colvars: updating target temperature (T = 0 K).
colvars: Current simulation parameters: initial step = 20, integration timestep = 1
colvars: Updating atomic parameters (masses, charges, etc).
colvars: The restart output state file will be "test.restart.tmp.colvars.state".
colvars: Synchronizing (emptying the buffer of) trajectory file "test.restart.colvars.traj".
colvars: Synchronizing (emptying the buffer of) trajectory file "test.restart.colvars.traj".
colvars: Saving collective variables state to "test.restart.tmp.colvars.state".
colvars: Synchronizing (emptying the buffer of) trajectory file "test.restart.colvars.traj".
colvars: Saving collective variables state to "test.restart.tmp.colvars.state".
colvars: Saving collective variables state to "test.restart.colvars.state".
