TCL: Running for 10 steps
TCL: NUM. ATOMS REQUESTED:  0
TCL: NUM. ATOMS USED:       0
TCL: NUM. ATOM GROUPS USED: 2
TCL: TOTAL FORCE:  { 0.0000000000000000 0.0000000000000000 0.0000000000000000 }
TCL: TOTAL TORQUE: { 0.0000000000000000 0.0000000000000000 0.0000000000000000 }
TCL: NUM. ATOMS REQUESTED:  0
TCL: NUM. ATOMS USED:       0
TCL: NUM. ATOM GROUPS USED: 2
TCL: TOTAL FORCE:  { 0.0000000000000000 0.0000000000000000 0.0000000000000000 }
TCL: TOTAL TORQUE: { 0.0000000000000000 0.0000000000000000 0.0000000000000000 }
TCL: NUM. ATOMS REQUESTED:  0
TCL: NUM. ATOMS USED:       0
TCL: NUM. ATOM GROUPS USED: 2
TCL: TOTAL FORCE:  { 0.0000000000000000 0.0000000000000000 0.0000000000000000 }
TCL: TOTAL TORQUE: { 0.0000000000000000 0.0000000000000000 0.0000000000000000 }
TCL: NUM. ATOMS REQUESTED:  0
TCL: NUM. ATOMS USED:       0
TCL: NUM. ATOM GROUPS USED: 2
TCL: TOTAL FORCE:  { 0.0000000000000000 0.0000000000000000 0.0000000000000000 }
TCL: TOTAL TORQUE: { 0.0000000000000000 0.0000000000000000 0.0000000000000000 }
TCL: NUM. ATOMS REQUESTED:  0
TCL: NUM. ATOMS USED:       0
TCL: NUM. ATOM GROUPS USED: 2
TCL: TOTAL FORCE:  { 0.0000000000000000 0.0000000000000000 0.0000000000000000 }
TCL: TOTAL TORQUE: { 0.0000000000000000 0.0000000000000000 0.0000000000000000 }
TCL: NUM. ATOMS REQUESTED:  0
TCL: NUM. ATOMS USED:       0
TCL: NUM. ATOM GROUPS USED: 2
TCL: TOTAL FORCE:  { 0.0000000000000000 0.0000000000000000 0.0000000000000000 }
TCL: TOTAL TORQUE: { 0.0000000000000000 0.0000000000000000 0.0000000000000000 }
TCL: NUM. ATOMS REQUESTED:  0
TCL: NUM. ATOMS USED:       0
TCL: NUM. ATOM GROUPS USED: 2
TCL: TOTAL FORCE:  { 0.0000000000000000 0.0000000000000000 0.0000000000000000 }
TCL: TOTAL TORQUE: { 0.0000000000000000 0.0000000000000000 0.0000000000000000 }
TCL: NUM. ATOMS REQUESTED:  0
TCL: NUM. ATOMS USED:       0
TCL: NUM. ATOM GROUPS USED: 2
TCL: TOTAL FORCE:  { 0.0000000000000000 0.0000000000000000 0.0000000000000000 }
TCL: TOTAL TORQUE: { 0.0000000000000000 0.0000000000000000 0.0000000000000000 }
TCL: NUM. ATOMS REQUESTED:  0
TCL: NUM. ATOMS USED:       0
TCL: NUM. ATOM GROUPS USED: 2
TCL: TOTAL FORCE:  { 0.0000000000000000 0.0000000000000000 0.0000000000000000 }
TCL: TOTAL TORQUE: { 0.0000000000000000 0.0000000000000000 0.0000000000000000 }
TCL: NUM. ATOMS REQUESTED:  0
TCL: NUM. ATOMS USED:       0
TCL: NUM. ATOM GROUPS USED: 2
TCL: TOTAL FORCE:  { 0.0000000000000000 0.0000000000000000 0.0000000000000000 }
TCL: TOTAL TORQUE: { 0.0000000000000000 0.0000000000000000 0.0000000000000000 }
TCL: Setting parameter outputName to test.alt
TCL: Running for 10 steps
TCL: NUM. ATOMS REQUESTED:  0
TCL: NUM. ATOMS USED:       0
TCL: NUM. ATOM GROUPS USED: 2
TCL: TOTAL FORCE:  { 0.0000000000000000 0.0000000000000000 0.0000000000000000 }
TCL: TOTAL TORQUE: { 0.0000000000000000 0.0000000000000000 0.0000000000000000 }
TCL: NUM. ATOMS REQUESTED:  0
TCL: NUM. ATOMS USED:       0
TCL: NUM. ATOM GROUPS USED: 2
TCL: TOTAL FORCE:  { 0.0000000000000000 0.0000000000000000 0.0000000000000000 }
TCL: TOTAL TORQUE: { 0.0000000000000000 0.0000000000000000 0.0000000000000000 }
TCL: NUM. ATOMS REQUESTED:  0
TCL: NUM. ATOMS USED:       0
TCL: NUM. ATOM GROUPS USED: 2
TCL: TOTAL FORCE:  { 0.0000000000000000 0.0000000000000000 0.0000000000000000 }
TCL: TOTAL TORQUE: { 0.0000000000000000 0.0000000000000000 0.0000000000000000 }
TCL: NUM. ATOMS REQUESTED:  0
TCL: NUM. ATOMS USED:       0
TCL: NUM. ATOM GROUPS USED: 2
TCL: TOTAL FORCE:  { 0.0000000000000000 0.0000000000000000 0.0000000000000000 }
TCL: TOTAL TORQUE: { 0.0000000000000000 0.0000000000000000 0.0000000000000000 }
TCL: NUM. ATOMS REQUESTED:  0
TCL: NUM. ATOMS USED:       0
TCL: NUM. ATOM GROUPS USED: 2
TCL: TOTAL FORCE:  { 0.0000000000000000 0.0000000000000000 0.0000000000000000 }
TCL: TOTAL TORQUE: { 0.0000000000000000 0.0000000000000000 0.0000000000000000 }
TCL: NUM. ATOMS REQUESTED:  0
TCL: NUM. ATOMS USED:       0
TCL: NUM. ATOM GROUPS USED: 2
TCL: TOTAL FORCE:  { 0.0000000000000000 0.0000000000000000 0.0000000000000000 }
TCL: TOTAL TORQUE: { 0.0000000000000000 0.0000000000000000 0.0000000000000000 }
TCL: NUM. ATOMS REQUESTED:  0
TCL: NUM. ATOMS USED:       0
TCL: NUM. ATOM GROUPS USED: 2
TCL: TOTAL FORCE:  { 0.0000000000000000 0.0000000000000000 0.0000000000000000 }
TCL: TOTAL TORQUE: { 0.0000000000000000 0.0000000000000000 0.0000000000000000 }
TCL: NUM. ATOMS REQUESTED:  0
TCL: NUM. ATOMS USED:       0
TCL: NUM. ATOM GROUPS USED: 2
TCL: TOTAL FORCE:  { 0.0000000000000000 0.0000000000000000 0.0000000000000000 }
TCL: TOTAL TORQUE: { 0.0000000000000000 0.0000000000000000 0.0000000000000000 }
TCL: NUM. ATOMS REQUESTED:  0
TCL: NUM. ATOMS USED:       0
TCL: NUM. ATOM GROUPS USED: 2
TCL: TOTAL FORCE:  { 0.0000000000000000 0.0000000000000000 0.0000000000000000 }
TCL: TOTAL TORQUE: { 0.0000000000000000 0.0000000000000000 0.0000000000000000 }
TCL: NUM. ATOMS REQUESTED:  0
TCL: NUM. ATOMS USED:       0
TCL: NUM. ATOM GROUPS USED: 2
TCL: TOTAL FORCE:  { 0.0000000000000000 0.0000000000000000 0.0000000000000000 }
TCL: TOTAL TORQUE: { 0.0000000000000000 0.0000000000000000 0.0000000000000000 }
TCL: NUM. ATOMS REQUESTED:  0
TCL: NUM. ATOMS USED:       0
TCL: NUM. ATOM GROUPS USED: 2
TCL: TOTAL FORCE:  { 0.0000000000000000 0.0000000000000000 0.0000000000000000 }
TCL: TOTAL TORQUE: { 0.0000000000000000 0.0000000000000000 0.0000000000000000 }
