TCL: Running Colvars version 2020-04-09
TCL: Running cv units real
TCL: 
TCL: d = 0.00000000000000e+00
TCL: E(abf1) = 0
TCL: E(harmonic1) = 0
TCL: d = 0.00000000000000e+00
TCL: Running cv update
TCL: 
TCL: d = 0.00000000000000e+00
TCL: E(abf1) = 0
TCL: E(harmonic1) = 18000
TCL: Original numsteps 20 will be ignored.
TCL: Running for 20 steps
TCL: d = 1.28684277602119e+01
TCL: E(abf1) = 0
TCL: E(harmonic1) = 94.2708
TCL: Running cv bias harm2 getconfig
TCL: 
TCL: Running for 20 steps
TCL: Running cv colvar d state
TCL: 
TCL: Running cv bias harmonic1 state
TCL: 
TCL: Running cv bias harmonic1 delete
TCL: 
TCL: Running cv bias harm2 energy
TCL: 17.8166
TCL: Running cv bias harm2 update
TCL: 17.8166
TCL: Running for 20 steps
TCL: Running cv bias harm2 energy
TCL: 13.4817
TCL: Running cv bias harm2 state
TCL: 
TCL: Running cv bias harm2 delete
TCL: 
TCL: Summary for collective variable d:
TCL:   Type: scalar number
TCL:   Width: 2.00000000000000e-01
TCL:   Atom groups: {3 } {98 } 
TCL:   Gradients computed? (0/1): 1
TCL:   Atom IDs: 
TCL:   Gradients: 
TCL:   Applied force: 2.59631860820309e+01
TCL:   Total force: -1.36757725642476e+02
TCL: Re-saving the state with a prefix:
TCL: Re-saving the state with an explicit name:
TCL: And reload:
TCL: Running cv colvar d delete
TCL: 
