Number of active atoms:
8
Active atom IDs:
1 4 10 11 12 14 20 21
Value of the variable:
3.21816519140966e+00
Applied force on the variable:
-1.24726607656387e-02
Energy of the restraint:
0.0194459
