colvars: ----------------------------------------------------------------------
colvars: Please cite Fiorin et al, Mol Phys 2013:
colvars:   https://doi.org/10.1080/00268976.2013.813594
colvars: as well as all other papers listed below for individual features used.
colvars: This version was built with the C++11 standard or higher.
colvars: ----------------------------------------------------------------------
colvars: Reading new configuration from file "test.dat":
colvars: # units = "" [default]
colvars: # smp = on [default]
colvars: # colvarsTrajFrequency = 1
colvars: # colvarsRestartFrequency = 10
colvars: # scriptedColvarForces = off [default]
colvars: # scriptingAfterBiases = off [default]
colvars: ----------------------------------------------------------------------
colvars:   Initializing a new collective variable.
colvars:   # name = "nn_phi"
colvars:   Initializing a new "torchANN" component.
colvars:     # name = "" [default]
colvars:     # componentCoeff = 1 [default]
colvars:     # componentExp = 1 [default]
colvars:     # period = 6.2832
colvars:     # wrapAround = 0 [default]
colvars:     # forceNoPBC = off [default]
colvars:     # scalable = on [default]
colvars:       Initializing atom group "atoms".
colvars:       # name = "" [default]
colvars:       # centerToOrigin = off [default]
colvars:       # centerToReference = off [default]
colvars:       # rotateToReference = off [default]
colvars:       # atomsOfGroup = "" [default]
colvars:       # indexGroup = "" [default]
colvars:       # psfSegID =  [default]
colvars:       # atomsFile = "" [default]
colvars:       # dummyAtom = ( 0 , 0 , 0 ) [default]
colvars:       # enableFitGradients = on [default]
colvars:       # printAtomIDs = off [default]
colvars:       Atom group "atoms" defined with 10 atoms requested: total mass = 47.077, total charge = -0.19.
colvars:     # model_file = "dihedrals_cpu.pt"
colvars:     # m_output_index = 0
colvars:     model file name: "dihedrals_cpu.pt".
colvars:   All components initialized.
colvars:   # timeStepFactor = 1 [default]
colvars:   # width = 0.1
colvars:   # lowerBoundary = -3.3
colvars:   # upperBoundary = 3.3
colvars:   # hardLowerBoundary = off [default]
colvars:   # hardUpperBoundary = off [default]
colvars:   # expandBoundaries = off [default]
colvars:   # extendedLagrangian = on
colvars:   Enabling the extended Lagrangian term for colvar "nn_phi".
colvars:   # extendedTemp = 300
colvars:   # extendedFluctuation = 5
colvars:   Computed extended system force constant: 0.0997736 [E]/U^2
colvars:   # extendedTimeConstant = 500
colvars:   Computed fictitious mass: 631.823 [E]/(U/fs)^2   (U: colvar unit)
colvars:   # outputEnergy = off [default]
colvars:   # extendedLangevinDamping = 1 [default]
colvars:   # reflectingLowerBoundary = off [default]
colvars:   # reflectingUpperBoundary = off [default]
colvars:   # outputValue = on [default]
colvars:   # outputVelocity = off [default]
colvars:   # outputTotalForce = off [default]
colvars:   # outputAppliedForce = off [default]
colvars:   # subtractAppliedForce = off [default]
colvars:   # runAve = off [default]
colvars:   # corrFunc = off [default]
colvars: ----------------------------------------------------------------------
colvars:   Initializing a new collective variable.
colvars:   # name = "nn_psi"
colvars:   Initializing a new "torchANN" component.
colvars:     # name = "" [default]
colvars:     # componentCoeff = 1 [default]
colvars:     # componentExp = 1 [default]
colvars:     # period = 6.2832
colvars:     # wrapAround = 0 [default]
colvars:     # forceNoPBC = off [default]
colvars:     # scalable = on [default]
colvars:       Initializing atom group "atoms".
colvars:       # name = "" [default]
colvars:       # centerToOrigin = off [default]
colvars:       # centerToReference = off [default]
colvars:       # rotateToReference = off [default]
colvars:       # atomsOfGroup = "" [default]
colvars:       # indexGroup = "" [default]
colvars:       # psfSegID =  [default]
colvars:       # atomsFile = "" [default]
colvars:       # dummyAtom = ( 0 , 0 , 0 ) [default]
colvars:       # enableFitGradients = on [default]
colvars:       # printAtomIDs = off [default]
colvars:       Atom group "atoms" defined with 10 atoms requested: total mass = 47.077, total charge = -0.19.
colvars:     # model_file = "dihedrals_cpu.pt"
colvars:     # m_output_index = 1
colvars:     model file name: "dihedrals_cpu.pt".
colvars:   All components initialized.
colvars:   # timeStepFactor = 1 [default]
colvars:   # width = 0.1
colvars:   # lowerBoundary = -3.3
colvars:   # upperBoundary = 3.3
colvars:   # hardLowerBoundary = off [default]
colvars:   # hardUpperBoundary = off [default]
colvars:   # expandBoundaries = off [default]
colvars:   # extendedLagrangian = on
colvars:   Enabling the extended Lagrangian term for colvar "nn_psi".
colvars:   # extendedTemp = 300
colvars:   # extendedFluctuation = 5
colvars:   Computed extended system force constant: 0.0997736 [E]/U^2
colvars:   # extendedTimeConstant = 500
colvars:   Computed fictitious mass: 631.823 [E]/(U/fs)^2   (U: colvar unit)
colvars:   # outputEnergy = off [default]
colvars:   # extendedLangevinDamping = 1 [default]
colvars:   # reflectingLowerBoundary = off [default]
colvars:   # reflectingUpperBoundary = off [default]
colvars:   # outputValue = on [default]
colvars:   # outputVelocity = off [default]
colvars:   # outputTotalForce = off [default]
colvars:   # outputAppliedForce = off [default]
colvars:   # subtractAppliedForce = off [default]
colvars:   # runAve = off [default]
colvars:   # corrFunc = off [default]
colvars: ----------------------------------------------------------------------
colvars: Collective variables initialized, 2 in total.
colvars: ----------------------------------------------------------------------
colvars:   Initializing a new "abf" instance.
colvars:   # name = "abf1" [default]
colvars:   # colvars = { nn_phi, nn_psi }
colvars:   # stepZeroData = off [default]
colvars:   # outputEnergy = off [default]
colvars:   # outputFreq = 10 [default]
colvars:   # timeStepFactor = 1 [default]
colvars:   WARNING: ABF should not be run without a thermostat or at 0 Kelvin!
colvars:   # applyBias = on [default]
colvars:   # updateBias = on [default]
colvars:   # hideJacobian = off [default]
colvars:   Jacobian (geometric) forces will be included in reported free energy gradients.
colvars:   # fullSamples = 2000
colvars:   # inputPrefix =  [default]
colvars:   # historyFreq = 0 [default]
colvars:   # shared = off [default]
colvars:   # maxForce =  [default]
colvars:   # CZARestimator = on [default]
colvars:   # integrate = on [default]
colvars:   # UIestimator = off [default]
colvars:   Finished ABF setup.
colvars: ----------------------------------------------------------------------
colvars: Collective variables biases initialized, 1 in total.
colvars: ----------------------------------------------------------------------
colvars: Collective variables module (re)initialized.
colvars: ----------------------------------------------------------------------
colvars: Re-initialized atom group for variable "nn_phi":0/0. 10 atoms: total mass = 47.077, total charge = -0.19.
colvars: Re-initialized atom group for variable "nn_psi":0/0. 10 atoms: total mass = 47.077, total charge = -0.19.
colvars: ----------------------------------------------------------------------
colvars: Loading state from file "test.colvars.state".
colvars:   Restarting collective variable "nn_phi" from value: 1.28246
colvars:   Restarting collective variable "nn_psi" from value: -2.89584
colvars:   Restarting abf bias "abf1" from step number 20.
colvars: ----------------------------------------------------------------------
colvars: 
colvars: SUMMARY OF COLVARS FEATURES USED SO FAR AND THEIR CITATIONS:
colvars: 
colvars: - GROMACS engine:
colvars:   Abraham2015 https://doi.org/10.1016/j.softx.2015.06.001
colvars: 
colvars: - Colvars module:
colvars: - Optimal rotation via flexible fitting:
colvars:   Fiorin2013 https://doi.org/10.1080/00268976.2013.813594
colvars: 
colvars: - ABF colvar bias implementation:
colvars:   Henin2010 https://doi.org/10.1021/ct9004432
colvars: 
colvars: - Poisson integration of 2D/3D free energy surfaces:
colvars:   Henin2021 https://doi.org/10.1021/acs.jctc.1c00593
colvars: 
colvars: - CZAR eABF estimator:
colvars: - eABF implementation:
colvars:   Lesage2017 https://doi.org/10.1021/acs.jpcb.6b10055
colvars: 
colvars: - Colvars-GROMACS interface:
colvars: - torchANN colvar component:
colvars:   n/a 
colvars: 
colvars: The restart output state file will be "test.restart.part0002.restart.colvars.state".
colvars: The final output state file will be "test.restart.part0002.colvars.state".
colvars: Initializing step number to 20.
colvars:   Prepared sample and gradient buffers at step 20.
colvars: Synchronizing (emptying the buffer of) trajectory file "test.restart.part0002.colvars.traj".
colvars: Synchronizing (emptying the buffer of) trajectory file "test.restart.part0002.colvars.traj".
colvars: Saving collective variables state to "test.restart.part0002.restart.colvars.state".
colvars:   Integrated in 221 steps, error: 9.60807e-07
colvars:   Integrated in 218 steps, error: 9.7873e-07
colvars: Synchronizing (emptying the buffer of) trajectory file "test.restart.part0002.colvars.traj".
colvars: Saving collective variables state to "test.restart.part0002.restart.colvars.state".
colvars:   Integrated in 231 steps, error: 9.41615e-07
colvars:   Integrated in 210 steps, error: 9.82454e-07
colvars: Saving collective variables state to "test.restart.part0002.colvars.state".
