TCL: First, running unscripted config
TCL: Original numsteps 20 will be ignored.
TCL: Running for 20 steps
TCL: Resetting colvars with scripted config
TCL: Reinitializing atom data
TCL: Running for 20 steps
TCL: { 0. 0. 0. 0. 1. 0. 0. 0. 0. 1. 0. 0. 0. 0. 1. 0. 0. 0. 0. 1.} {0.8030419238525889 -0.044335223471426655 -0.5942710294931696 -0.8030419238525889 0.044335223471426655 0.5942710294931696 0. 0. 0. 0. 0. 0. 0. 0. 0. 0. 0. 0. 0. 0. 0. 0. 0. 0. 0. 0. 0. 0. 0. 0.}
